Microchip MPLAB XC8 Compiler V2.30

Linker command line:

-W-3 --edf=C:\Program Files\Microchip\xc8\v2.30\pic\dat\en_msgs.txt -cn \
  -h+dist/default/production\labpic.X.production.sym \
  --cmf=dist/default/production\labpic.X.production.cmf -z -Q18F4550 \
  -oC:\Users\claud\AppData\Local\Temp\s1dkx2 --defsym=__MPLAB_BUILD=1 \
  -Mdist/default/production/labpic.X.production.map -E1 -ver=XC8 Compiler \
  --acfsm=1493 -ASTACK=0BEh-07FFh -pstack=STACK -ACODE=00h-07FFFh \
  -ACONST=00h-07FFFh -ASMALLCONST=0800h-08FFhx120 \
  -AMEDIUMCONST=0800h-07FFFh -ACOMRAM=01h-05Fh -AABS1=00h-07FFh \
  -ABIGRAM=01h-07FFh -ARAM=060h-0FFh,0100h-01FFhx7 -ABANK0=060h-0FFh \
  -ABANK1=0100h-01FFh -ABANK2=0200h-02FFh -ABANK3=0300h-03FFh \
  -ABANK4=0400h-04FFh -ABANK5=0500h-05FFh -ABANK6=0600h-06FFh \
  -ABANK7=0700h-07FFh -ASFR=0F60h-0FFFh -ACONFIG=0300000h-030000Dh \
  -AIDLOC=0200000h-0200007h -AEEDATA=0F00000h-0F000FFh -peeprom_data=EEDATA \
  -preset_vec=00h,intcode=08h,intcodelo,powerup,init -pramtop=0800h \
  -psmallconst=SMALLCONST -pmediumconst=MEDIUMCONST -pconst=CONST \
  -AFARRAM=00h-00h \
  -prdata=COMRAM,nvrram=COMRAM,nvbit=COMRAM,rbss=COMRAM,rbit=COMRAM \
  -pfarbss=FARRAM,fardata=FARRAM,nvFARRAM=FARRAM \
  -pintsave_regs=BIGRAM,bigbss=BIGRAM,bigdata=BIGRAM -pbss=RAM \
  -pidata=CODE,irdata=CODE,ibigdata=CODE,ifardata=CODE -prparam=COMRAM \
  C:\Users\claud\AppData\Local\Temp\s1dkxe.o \
  dist/default/production\labpic.X.production.o 

Object code version is 3.11

Machine type is 18F4550



                Name                               Link     Load   Length Selector   Space Scale
C:\Users\claud\AppData\Local\Temp\s1dkxe.o
                idloc                            200000   200000        8        0       5
                config                           300000   300000        E        0       4
                init                                  E        E        4        4       0
                reset_vec                             0        0        4        0       0
dist/default/production\labpic.X.production.o
                intcode                               8        8        6        4       0
                idloc                            200000   200000        8        0       5
                config                           300000   300000        E        0       4
                temp                                 5F       5F        1        1       1
                smallconst                          800      800       C6      400       0
                intcode_body                       340C     340C        E      463       0
                text29                             2A56     2A56      10C      463       0
                text28                             302E     302E       8C      463       0
                text27                             3376     3376       28      463       0
                text26                             3278     3278       4E      463       0
                text25                             321A     321A       5E      463       0
                text24                             33FE     33FE        E      463       0
                text23                             33E8     33E8       16      463       0
                text22                             341A     341A        A      463       0
                text21                             2EE0     2EE0       AA      463       0
                text20                             2C68     2C68      104      463       0
                text19                             330C     330C       38      463       0
                text18                             13EE     13EE      4C0      463       0
                text17                             32C6     32C6       46      463       0
                text16                             2B62     2B62      106      463       0
                text15                             2F8A     2F8A       A4      463       0
                text14                             30BA     30BA       88      463       0
                text13                             339E     339E       26      463       0
                text12                             2600     2600      1B4      463       0
                text11                             290A     290A      14C      463       0
                text10                             27B4     27B4      156      463       0
                text9                              18AE     18AE      42A      463       0
                text8                              3142     3142       74      463       0
                text7                              31B6     31B6       64      463       0
                text6                              20E4     20E4      2A2      463       0
                text5                              3344     3344       32      463       0
                text4                              2D6C     2D6C       C4      463       0
                text3                              2E30     2E30       B0      463       0
                text2                              1CD8     1CD8      40C      463       0
                text1                               8C6      8C6      B28      463       0
                text0                              2386     2386      27A      463       0
                cstackCOMRAM                          1        1       59        1       1
                cstackBANK0                          A3       A3       1B       60       1
                bssBANK0                             60       60       43       60       1
                bssCOMRAM                            5A       5A        4        1       1
                bitbssCOMRAM                        2F0       5E        1        1       1     8
                cinit                              33C4     33C4       24      463       0

TOTAL           Name                               Link     Load   Length     Space
        CLASS   STACK          

        CLASS   CODE           
                intcode                               8        8        6         0
                init                                  E        E        4         0
                reset_vec                             0        0        4         0
                intcode_body                       340C     340C        E         0
                text29                             2A56     2A56      10C         0
                text28                             302E     302E       8C         0
                text27                             3376     3376       28         0
                text26                             3278     3278       4E         0
                text25                             321A     321A       5E         0
                text24                             33FE     33FE        E         0
                text23                             33E8     33E8       16         0
                text22                             341A     341A        A         0
                text21                             2EE0     2EE0       AA         0
                text20                             2C68     2C68      104         0
                text19                             330C     330C       38         0
                text18                             13EE     13EE      4C0         0
                text17                             32C6     32C6       46         0
                text16                             2B62     2B62      106         0
                text15                             2F8A     2F8A       A4         0
                text14                             30BA     30BA       88         0
                text13                             339E     339E       26         0
                text12                             2600     2600      1B4         0
                text11                             290A     290A      14C         0
                text10                             27B4     27B4      156         0
                text9                              18AE     18AE      42A         0
                text8                              3142     3142       74         0
                text7                              31B6     31B6       64         0
                text6                              20E4     20E4      2A2         0
                text5                              3344     3344       32         0
                text4                              2D6C     2D6C       C4         0
                text3                              2E30     2E30       B0         0
                text2                              1CD8     1CD8      40C         0
                text1                               8C6      8C6      B28         0
                text0                              2386     2386      27A         0
                cinit                              33C4     33C4       24         0

        CLASS   CONST          

        CLASS   SMALLCONST     
                smallconst                          800      800       C6         0

        CLASS   MEDIUMCONST    

        CLASS   COMRAM         
                temp                                 5F       5F        1         1
                cstackCOMRAM                          1        1       59         1
                bssCOMRAM                            5A       5A        4         1
                bitbssCOMRAM                        2F0       5E        1         1

        CLASS   ABS1           

        CLASS   BIGRAM         

        CLASS   RAM            

        CLASS   BANK0          
                cstackBANK0                          A3       A3       1B         1
                bssBANK0                             60       60       43         1

        CLASS   BANK1          

        CLASS   BANK2          

        CLASS   BANK3          

        CLASS   BANK4          

        CLASS   BANK5          

        CLASS   BANK6          

        CLASS   BANK7          

        CLASS   SFR            

        CLASS   CONFIG         
                config                           300000   300000        E         4

        CLASS   IDLOC          
                idloc                            200000   200000        8         5

        CLASS   EEDATA         

        CLASS   FARRAM         



SEGMENTS        Name                           Load    Length   Top    Selector   Space  Class

                reset_vec                      000000  000004  000004         0       0  CODE    
                cstackCOMRAM                   000001  00005F  000060         1       1  COMRAM  
                intcode                        000008  00000A  000012         4       0  CODE    
                bssBANK0                       000060  00005E  0000BE        60       1  BANK0   
                smallconst                     000800  0000C6  0008C6       400       0  SMALLCON
                text1                          0008C6  002B5E  003424       463       0  CODE    


UNUSED ADDRESS RANGES

        Name                Unused          Largest block    Delta
        BANK0            0000BE-0000FF               42
        BANK1            000100-0001FF              100
        BANK2            000200-0002FF              100
        BANK3            000300-0003FF              100
        BANK4            000400-0004FF              100
        BANK5            000500-0005FF              100
        BANK6            000600-0006FF              100
        BANK7            000700-0007FF              100
        BIGRAM           0000BE-0007FF              742
        CODE             000004-000007                4
                         000012-0007FF              7EE
                         003424-007FFF             4BDC
        CONST            000004-000007                4
                         000012-0007FF              7EE
                         003424-007FFF             4BDC
        EEDATA           F00000-F000FF              100
        MEDIUMCONST      003424-007FFF             4BDC
        RAM              0000BE-0007FF              100
        SFR              000F60-000FFF               A0
        SMALLCONST       003424-007FFF              100
        STACK            0000BE-0007FF              742

                                  Symbol Table

?___aldiv                    cstackCOMRAM 000001
?___awdiv                    cstackCOMRAM 000007
?___awmod                    cstackCOMRAM 000001
?___fladd                    cstackCOMRAM 000035
?___flmul                    cstackCOMRAM 00000F
?___flneg                    cstackCOMRAM 000001
?___flsub                    cstackCOMRAM 000045
?___fltol                    cstackCOMRAM 000031
?___lldiv                    cstackCOMRAM 000001
?___llmod                    cstackCOMRAM 000001
?___lwdiv                    cstackCOMRAM 000006
?___lwmod                    cstackCOMRAM 000001
?___wmul                     cstackCOMRAM 000001
?___xxtofl                   cstackCOMRAM 000001
?__div_to_l_                 cstackCOMRAM 000001
?__tdiv_to_l_                cstackCOMRAM 000001
?_fround                     cstackCOMRAM 000028
?_scale                      cstackCOMRAM 000028
?_sprintf                    cstackCOMRAM 00004D
?_strlen                     cstackCOMRAM 000001
SuperDelay@counter           cstackCOMRAM 00000F
SuperDelay@i                 cstackCOMRAM 000014
_GIE                         (abs)        007F97
_LATA3                       (abs)        007C4B
_LATBbits                    (abs)        000F8A
_LATD                        (abs)        000F8C
_OSCCON                      (abs)        000FD3
_PEIE                        (abs)        007F96
_PSA                         (abs)        007EAB
_RB3                         (abs)        007C0B
_RCIE                        (abs)        007CED
_RCIF                        (abs)        007CF5
_RCREG                       (abs)        000FAE
_RCSTA                       (abs)        000FAB
_SPBRG                       (abs)        000FAF
_Serial                      intcode      000008
_SuperDelay                  text28       00302E
_T08BIT                      (abs)        007EAE
_T0CS                        (abs)        007EAD
_T0SE                        (abs)        007EAC
_TMR0                        (abs)        000FD6
_TMR0H                       (abs)        000FD7
_TMR0IF                      (abs)        007F92
_TMR0L                       (abs)        000FD6
_TMR0ON                      (abs)        007EAF
_TRISAbits                   (abs)        000F92
_TRISBbits                   (abs)        000F93
_TRISCbits                   (abs)        000F94
_TRISD                       (abs)        000F95
_TXIE                        (abs)        007CEC
_TXIF                        (abs)        007CF4
_TXREG                       (abs)        000FAD
_TXSTA                       (abs)        000FAC
__HRAM                       (abs)        000000
__Habs1                      abs1         000000
__Hbank0                     bank0        000000
__Hbank1                     bank1        000000
__Hbank2                     bank2        000000
__Hbank3                     bank3        000000
__Hbank4                     bank4        000000
__Hbank5                     bank5        000000
__Hbank6                     bank6        000000
__Hbank7                     bank7        000000
__Hbigbss                    bigbss       000000
__Hbigdata                   bigdata      000000
__Hbigram                    bigram       000000
__HbitbssCOMRAM              bitbssCOMRAM 000000
__Hbss                       bss          000000
__HbssBANK0                  bssBANK0     000000
__HbssCOMRAM                 bssCOMRAM    000000
__Hcinit                     cinit        000000
__Hclrtext                   clrtext      000000
__Hcomram                    comram       000000
__Hconfig                    config       30000E
__Hconst                     const        000000
__HcstackBANK0               cstackBANK0  000000
__HcstackCOMRAM              cstackCOMRAM 000000
__Hdata                      data         000000
__Heeprom_data               eeprom_data  000000
__Hfarbss                    farbss       000000
__Hfardata                   fardata      000000
__Hibigdata                  ibigdata     000000
__Hidata                     idata        000000
__Hidloc                     idloc        200008
__Hifardata                  ifardata     000000
__Hinit                      init         000012
__Hintcode                   intcode      00000E
__Hintcode_body              intcode_body 000000
__Hintcodelo                 intcodelo    00000E
__Hintentry                  intentry     000000
__Hintret                    intret       000000
__Hintsave_regs              intsave_regs 000000
__Hirdata                    irdata       000000
__Hmediumconst               mediumconst  000000
__HnvFARRAM                  nvFARRAM     000000
__Hnvbit                     nvbit        000000
__Hnvrram                    nvrram       000000
__Hparam                     rparam       000000
__Hpowerup                   powerup      00000E
__Hram                       ram          000000
__Hramtop                    ramtop       000800
__Hrbit                      rbit         000000
__Hrbss                      rbss         000000
__Hrdata                     rdata        000000
__Hreset_vec                 reset_vec    000004
__Hrparam                    rparam       000000
__Hsfr                       sfr          000000
__Hsmallconst                smallconst   0008C6
__Hspace_0                   (abs)        003424
__Hspace_1                   (abs)        0002F1
__Hspace_2                   (abs)        000000
__Hspace_4                   (abs)        60000E
__Hstack                     stack        000000
__Hstruct                    struct       000000
__Htemp                      temp         000060
__Htext                      text         000000
__Htext0                     text0        000000
__Htext1                     text1        000000
__Htext10                    text10       000000
__Htext11                    text11       000000
__Htext12                    text12       000000
__Htext13                    text13       000000
__Htext14                    text14       000000
__Htext15                    text15       000000
__Htext16                    text16       000000
__Htext17                    text17       000000
__Htext18                    text18       000000
__Htext19                    text19       000000
__Htext2                     text2        000000
__Htext20                    text20       000000
__Htext21                    text21       000000
__Htext22                    text22       000000
__Htext23                    text23       000000
__Htext24                    text24       000000
__Htext25                    text25       000000
__Htext26                    text26       000000
__Htext27                    text27       000000
__Htext28                    text28       000000
__Htext29                    text29       000000
__Htext3                     text3        000000
__Htext4                     text4        000000
__Htext5                     text5        000000
__Htext6                     text6        000000
__Htext7                     text7        000000
__Htext8                     text8        000000
__Htext9                     text9        000000
__LRAM                       (abs)        000001
__Labs1                      abs1         000000
__Lbank0                     bank0        000000
__Lbank1                     bank1        000000
__Lbank2                     bank2        000000
__Lbank3                     bank3        000000
__Lbank4                     bank4        000000
__Lbank5                     bank5        000000
__Lbank6                     bank6        000000
__Lbank7                     bank7        000000
__Lbigbss                    bigbss       000000
__Lbigdata                   bigdata      000000
__Lbigram                    bigram       000000
__LbitbssCOMRAM              bitbssCOMRAM 000000
__Lbss                       bss          000000
__LbssBANK0                  bssBANK0     000000
__LbssCOMRAM                 bssCOMRAM    000000
__Lcinit                     cinit        000000
__Lclrtext                   clrtext      000000
__Lcomram                    comram       000000
__Lconfig                    config       000000
__Lconst                     const        000000
__LcstackBANK0               cstackBANK0  000000
__LcstackCOMRAM              cstackCOMRAM 000000
__Ldata                      data         000000
__Leeprom_data               eeprom_data  000000
__Lfarbss                    farbss       000000
__Lfardata                   fardata      000000
__Libigdata                  ibigdata     000000
__Lidata                     idata        000000
__Lidloc                     idloc        000000
__Lifardata                  ifardata     000000
__Linit                      init         00000E
__Lintcode                   intcode      000008
__Lintcode_body              intcode_body 000000
__Lintcodelo                 intcodelo    00000E
__Lintentry                  intentry     000000
__Lintret                    intret       000000
__Lintsave_regs              intsave_regs 000000
__Lirdata                    irdata       000000
__Lmediumconst               mediumconst  000000
__LnvFARRAM                  nvFARRAM     000000
__Lnvbit                     nvbit        000000
__Lnvrram                    nvrram       000000
__Lparam                     rparam       000000
__Lpowerup                   powerup      00000E
__Lram                       ram          000000
__Lramtop                    ramtop       000800
__Lrbit                      rbit         000000
__Lrbss                      rbss         000000
__Lrdata                     rdata        000000
__Lreset_vec                 reset_vec    000000
__Lrparam                    rparam       000000
__Lsfr                       sfr          000000
__Lsmallconst                smallconst   000800
__Lspace_0                   (abs)        000000
__Lspace_1                   (abs)        000000
__Lspace_2                   (abs)        000000
__Lspace_4                   (abs)        000000
__Lstack                     stack        000000
__Lstruct                    struct       000000
__Ltemp                      temp         00005F
__Ltext                      text         000000
__Ltext0                     text0        000000
__Ltext1                     text1        000000
__Ltext10                    text10       000000
__Ltext11                    text11       000000
__Ltext12                    text12       000000
__Ltext13                    text13       000000
__Ltext14                    text14       000000
__Ltext15                    text15       000000
__Ltext16                    text16       000000
__Ltext17                    text17       000000
__Ltext18                    text18       000000
__Ltext19                    text19       000000
__Ltext2                     text2        000000
__Ltext20                    text20       000000
__Ltext21                    text21       000000
__Ltext22                    text22       000000
__Ltext23                    text23       000000
__Ltext24                    text24       000000
__Ltext25                    text25       000000
__Ltext26                    text26       000000
__Ltext27                    text27       000000
__Ltext28                    text28       000000
__Ltext29                    text29       000000
__Ltext3                     text3        000000
__Ltext4                     text4        000000
__Ltext5                     text5        000000
__Ltext6                     text6        000000
__Ltext7                     text7        000000
__Ltext8                     text8        000000
__Ltext9                     text9        000000
__S0                         (abs)        003424
__S1                         (abs)        0000BE
__S2                         (abs)        000000
__S4                         (abs)        000000
__S5                         (abs)        000000
___aldiv                     text29       002A56
___aldiv@counter             cstackCOMRAM 000009
___aldiv@dividend            cstackCOMRAM 000001
___aldiv@divisor             cstackCOMRAM 000005
___aldiv@quotient            cstackCOMRAM 00000B
___aldiv@sign                cstackCOMRAM 00000A
___awdiv                     text4        002D6C
___awdiv@counter             cstackCOMRAM 00000B
___awdiv@dividend            cstackCOMRAM 000007
___awdiv@divisor             cstackCOMRAM 000009
___awdiv@quotient            cstackCOMRAM 00000D
___awdiv@sign                cstackCOMRAM 00000C
___awmod                     text3        002E30
___awmod@counter             cstackCOMRAM 000005
___awmod@dividend            cstackCOMRAM 000001
___awmod@divisor             cstackCOMRAM 000003
___awmod@sign                cstackCOMRAM 000006
___fladd                     text18       0013EE
___fladd@a                   cstackCOMRAM 000039
___fladd@aexp                cstackCOMRAM 000042
___fladd@b                   cstackCOMRAM 000035
___fladd@bexp                cstackCOMRAM 000043
___fladd@grs                 cstackCOMRAM 000044
___fladd@signs               cstackCOMRAM 000041
___fleq                      text21       002EE0
___fleq@ff1                  cstackCOMRAM 000001
___fleq@ff2                  cstackCOMRAM 000005
___flge                      text20       002C68
___flge@ff1                  cstackCOMRAM 000001
___flge@ff2                  cstackCOMRAM 000005
___flmul                     text9        0018AE
___flmul@a                   cstackCOMRAM 000013
___flmul@aexp                cstackCOMRAM 000020
___flmul@b                   cstackCOMRAM 00000F
___flmul@bexp                cstackCOMRAM 000021
___flmul@grs                 cstackCOMRAM 00001C
___flmul@prod                cstackCOMRAM 000022
___flmul@sign                cstackCOMRAM 00001B
___flmul@temp                cstackCOMRAM 000026
___flneg                     text19       00330C
___flneg@f1                  cstackCOMRAM 000001
___flsub                     text17       0032C6
___flsub@a                   cstackCOMRAM 000049
___flsub@b                   cstackCOMRAM 000045
___fltol                     text16       002B62
___fltol@exp1                cstackCOMRAM 00003A
___fltol@f1                  cstackCOMRAM 000031
___fltol@sign1               cstackCOMRAM 000039
___inthi_sp                  stack        000000
___intlo_sp                  stack        000000
___lldiv                     text15       002F8A
___lldiv@counter             cstackCOMRAM 00000D
___lldiv@dividend            cstackCOMRAM 000001
___lldiv@divisor             cstackCOMRAM 000005
___lldiv@quotient            cstackCOMRAM 000009
___llmod                     text14       0030BA
___llmod@counter             cstackCOMRAM 000009
___llmod@dividend            cstackCOMRAM 000001
___llmod@divisor             cstackCOMRAM 000005
___lwdiv                     text8        003142
___lwdiv@counter             cstackCOMRAM 00000C
___lwdiv@dividend            cstackCOMRAM 000006
___lwdiv@divisor             cstackCOMRAM 000008
___lwdiv@quotient            cstackCOMRAM 00000A
___lwmod                     text7        0031B6
___lwmod@counter             cstackCOMRAM 000005
___lwmod@dividend            cstackCOMRAM 000001
___lwmod@divisor             cstackCOMRAM 000003
___param_bank                (abs)        000000
___rparam_used               (abs)        000001
___sp                        stack        000000
___wmul                      text13       00339E
___wmul@multiplicand         cstackCOMRAM 000003
___wmul@multiplier           cstackCOMRAM 000001
___wmul@product              cstackCOMRAM 000005
___xxtofl                    text12       002600
___xxtofl@arg                cstackCOMRAM 00000B
___xxtofl@exp                cstackCOMRAM 00000A
___xxtofl@sign               cstackCOMRAM 000009
___xxtofl@val                cstackCOMRAM 000001
__accesstop                  (abs)        000060
__activetblptr               (abs)        000002
__div_to_l_                  text11       00290A
__div_to_l_@cntr             cstackCOMRAM 00000D
__div_to_l_@exp1             cstackCOMRAM 00000E
__div_to_l_@f1               cstackCOMRAM 000001
__div_to_l_@f2               cstackCOMRAM 000005
__div_to_l_@quot             cstackCOMRAM 000009
__end_of_Serial              intcode_body 00341A
__end_of_SuperDelay          text28       0030BA
__end_of___aldiv             text29       002B62
__end_of___awdiv             text4        002E30
__end_of___awmod             text3        002EE0
__end_of___fladd             text18       0018AE
__end_of___fleq              text21       002F8A
__end_of___flge              text20       002D6C
__end_of___flmul             text9        001CD8
__end_of___flneg             text19       003344
__end_of___flsub             text17       00330C
__end_of___fltol             text16       002C68
__end_of___lldiv             text15       00302E
__end_of___llmod             text14       003142
__end_of___lwdiv             text8        0031B6
__end_of___lwmod             text7        00321A
__end_of___wmul              text13       0033C4
__end_of___xxtofl            text12       0027B4
__end_of__div_to_l_          text11       002A56
__end_of__initialization     cinit        0033DA
__end_of__npowers_           smallconst   000869
__end_of__powers_            smallconst   000835
__end_of__tdiv_to_l_         text10       00290A
__end_of_dpowers             smallconst   000891
__end_of_envia_serial        text27       00339E
__end_of_envia_texto_serial  text25       003278
__end_of_fround              text6        002386
__end_of_inicializa_Serial   text24       00340C
__end_of_isdigit             text5        003376
__end_of_main                text0        002600
__end_of_scale               text2        0020E4
__end_of_setupTmr0           text23       0033FE
__end_of_setup_Int           text22       003424
__end_of_sprintf             text1        0013EE
__end_of_strlen              text26       0032C6
__initialization             cinit        0033C4
__mediumconst                mediumconst  000000
__npowers_                   smallconst   000835
__pbitbssCOMRAM              bitbssCOMRAM 0002F0
__pbssBANK0                  bssBANK0     000060
__pbssCOMRAM                 bssCOMRAM    00005A
__pcinit                     cinit        0033C4
__pcstackBANK0               cstackBANK0  0000A3
__pcstackCOMRAM              cstackCOMRAM 000001
__pintcode                   intcode      000008
__pintcode_body              intcode_body 00340C
__powers_                    smallconst   000801
__psmallconst                smallconst   000800
__ptext0                     text0        002386
__ptext1                     text1        0008C6
__ptext10                    text10       0027B4
__ptext11                    text11       00290A
__ptext12                    text12       002600
__ptext13                    text13       00339E
__ptext14                    text14       0030BA
__ptext15                    text15       002F8A
__ptext16                    text16       002B62
__ptext17                    text17       0032C6
__ptext18                    text18       0013EE
__ptext19                    text19       00330C
__ptext2                     text2        001CD8
__ptext20                    text20       002C68
__ptext21                    text21       002EE0
__ptext22                    text22       00341A
__ptext23                    text23       0033E8
__ptext24                    text24       0033FE
__ptext25                    text25       00321A
__ptext26                    text26       003278
__ptext27                    text27       003376
__ptext28                    text28       00302E
__ptext29                    text29       002A56
__ptext3                     text3        002E30
__ptext4                     text4        002D6C
__ptext5                     text5        003344
__ptext6                     text6        0020E4
__ptext7                     text7        0031B6
__ptext8                     text8        003142
__ptext9                     text9        0018AE
__ramtop                     ramtop       000800
__size_of_Serial             (abs)        000000
__size_of_SuperDelay         (abs)        000000
__size_of___aldiv            (abs)        000000
__size_of___awdiv            (abs)        000000
__size_of___awmod            (abs)        000000
__size_of___fladd            (abs)        000000
__size_of___fleq             (abs)        000000
__size_of___flge             (abs)        000000
__size_of___flmul            (abs)        000000
__size_of___flneg            (abs)        000000
__size_of___flsub            (abs)        000000
__size_of___fltol            (abs)        000000
__size_of___lldiv            (abs)        000000
__size_of___llmod            (abs)        000000
__size_of___lwdiv            (abs)        000000
__size_of___lwmod            (abs)        000000
__size_of___wmul             (abs)        000000
__size_of___xxtofl           (abs)        000000
__size_of__div_to_l_         (abs)        000000
__size_of__tdiv_to_l_        (abs)        000000
__size_of_envia_serial       (abs)        000000
__size_of_envia_texto_serial (abs)        000000
__size_of_fround             (abs)        000000
__size_of_inicializa_Serial  (abs)        000000
__size_of_isdigit            (abs)        000000
__size_of_main               (abs)        000000
__size_of_scale              (abs)        000000
__size_of_setupTmr0          (abs)        000000
__size_of_setup_Int          (abs)        000000
__size_of_sprintf            (abs)        000000
__size_of_strlen             (abs)        000000
__smallconst                 smallconst   000800
__tdiv_to_l_                 text10       0027B4
__tdiv_to_l_@cntr            cstackCOMRAM 000010
__tdiv_to_l_@exp1            cstackCOMRAM 000011
__tdiv_to_l_@f1              cstackCOMRAM 000001
__tdiv_to_l_@f2              cstackCOMRAM 000005
__tdiv_to_l_@quot            cstackCOMRAM 00000C
_caracter                    bssBANK0     000080
_distancia                   bssCOMRAM    00005A
_dpowers                     smallconst   000869
_envia_serial                text27       003376
_envia_texto_serial          text25       00321A
_flag_interrupcao            bitbssCOMRAM 0002F0
_fround                      text6        0020E4
_fround$980                  cstackCOMRAM 000030
_fround$981                  cstackCOMRAM 00002C
_inicializa_Serial           text24       0033FE
_isdigit                     text5        003344
_isdigit$786                 cstackCOMRAM 000002
_linha1                      bssBANK0     000060
_linha2                      bssBANK0     000081
_main                        text0        002386
_scale                       text2        001CD8
_scale$982                   cstackCOMRAM 00002C
_setupTmr0                   text23       0033E8
_setup_Int                   text22       00341A
_sprintf                     text1        0008C6
_sprintf$983                 cstackBANK0  0000A3
_strlen                      text26       003278
_tempo                       bssBANK0     0000A1
btemp                        temp         00005F
end_of_initialization        cinit        0033DA
envia_serial@valor           cstackCOMRAM 000002
envia_texto_serial@frase     cstackCOMRAM 000005
envia_texto_serial@indice    cstackCOMRAM 00000A
envia_texto_serial@tamanho   cstackCOMRAM 000009
fround@prec                  cstackCOMRAM 000034
int$flags                    temp         00005F
int_func                     intcode_body 00340C
intlevel0                    text         000000
intlevel1                    text         000000
intlevel2                    text         000000
intlevel3                    text         000000
isdigit@c                    cstackCOMRAM 000003
scale@scl                    cstackCOMRAM 000030
sprintf@ap                   cstackBANK0  0000A7
sprintf@c                    cstackBANK0  0000BD
sprintf@eexp                 cstackBANK0  0000B5
sprintf@f                    cstackCOMRAM 00004F
sprintf@flag                 cstackBANK0  0000AD
sprintf@fval                 cstackBANK0  0000B7
sprintf@prec                 cstackBANK0  0000BB
sprintf@sp                   cstackCOMRAM 00004D
sprintf@tmpval               cstackBANK0  0000B1
sprintf@val                  cstackBANK0  0000A9
sprintf@width                cstackBANK0  0000AF
stackhi                      (abs)        0007FF
stacklo                      (abs)        0000BE
start                        init         00000E
start_initialization         cinit        0033C4
strlen@cp                    cstackCOMRAM 000003
strlen@s                     cstackCOMRAM 000001
ttemp5                       temp         000060
ttemp6                       temp         000063
ttemp7                       temp         000067
wtemp8                       temp         000060


FUNCTION INFORMATION:

 *************** function _main *****************
 Defined at:
		line 77 in file "main.c"
 Parameters:    Size  Location     Type
		None
 Auto vars:     Size  Location     Type
		None
 Return value:  Size  Location     Type
                  1    wreg      void 
 Registers used:
		wreg, fsr0l, fsr0h, fsr2l, fsr2h, status,2, status,0, tblptrl, tblptrh, tblptru, prodl, prodh, cstack
 Tracked objects:
		On entry : 
		On exit  : 
		Unchanged: 
 Data sizes:     COMRAM   BANK0   BANK1   BANK2   BANK3   BANK4   BANK5   BANK6   BANK7
      Params:         0       0       0       0       0       0       0       0       0
      Locals:         0       0       0       0       0       0       0       0       0
      Temps:          1       0       0       0       0       0       0       0       0
      Totals:         1       0       0       0       0       0       0       0       0
Total ram usage:        1 bytes
 Hardware stack levels required when called:    4
 This function calls:
		_SuperDelay
		___flge
		___flmul
		___xxtofl
		_envia_texto_serial
		_inicializa_Serial
		_setupTmr0
		_setup_Int
		_sprintf
 This function is called by:
		Startup code after reset
 This function uses a non-reentrant model


 *************** function _sprintf *****************
 Defined at:
		line 505 in file "C:\Program Files\Microchip\xc8\v2.30\pic\sources\c90\common\doprnt.c"
 Parameters:    Size  Location     Type
  sp              2   76[COMRAM] PTR unsigned char 
		 -> linha2(32), 
  f               2   78[COMRAM] PTR const unsigned char 
		 -> STR_2(22), 
 Auto vars:     Size  Location     Type
  fval            4   20[BANK0 ] PTR const unsigned char 
  tmpval          4   14[BANK0 ] struct .
  val             4    6[BANK0 ] unsigned long 
  cp              3    0        PTR const unsigned char 
  prec            2   24[BANK0 ] int 
  eexp            2   18[BANK0 ] int 
  width           2   12[BANK0 ] int 
  flag            2   10[BANK0 ] unsigned short 
  ap              2    4[BANK0 ] PTR void [1]
		 -> ?_sprintf(2), 
  len             2    0        unsigned int 
  c               1   26[BANK0 ] unsigned char 
  d               1    0        unsigned char 
 Return value:  Size  Location     Type
                  2   76[COMRAM] int 
 Registers used:
		wreg, fsr2l, fsr2h, status,2, status,0, tblptrl, tblptrh, tblptru, prodl, prodh, cstack
 Tracked objects:
		On entry : 
		On exit  : 
		Unchanged: 
 Data sizes:     COMRAM   BANK0   BANK1   BANK2   BANK3   BANK4   BANK5   BANK6   BANK7
      Params:         8       0       0       0       0       0       0       0       0
      Locals:         0      27       0       0       0       0       0       0       0
      Temps:          4       0       0       0       0       0       0       0       0
      Totals:        12      27       0       0       0       0       0       0       0
Total ram usage:       39 bytes
 Hardware stack levels used:    1
 Hardware stack levels required when called:    3
 This function calls:
		___awdiv
		___fladd
		___fleq
		___flge
		___flmul
		___flneg
		___flsub
		___fltol
		___lldiv
		___llmod
		___wmul
		___xxtofl
		__div_to_l_
		__tdiv_to_l_
		_fround
		_isdigit
		_scale
 This function is called by:
		_main
 This function uses a non-reentrant model


 *************** function _scale *****************
 Defined at:
		line 433 in file "C:\Program Files\Microchip\xc8\v2.30\pic\sources\c90\common\doprnt.c"
 Parameters:    Size  Location     Type
  scl             1    wreg     char 
 Auto vars:     Size  Location     Type
  scl             1   47[COMRAM] char 
 Return value:  Size  Location     Type
                  4   39[COMRAM] char 
 Registers used:
		wreg, status,2, status,0, tblptrl, tblptrh, tblptru, prodl, prodh, cstack
 Tracked objects:
		On entry : 
		On exit  : 
		Unchanged: 
 Data sizes:     COMRAM   BANK0   BANK1   BANK2   BANK3   BANK4   BANK5   BANK6   BANK7
      Params:         4       0       0       0       0       0       0       0       0
      Locals:         5       0       0       0       0       0       0       0       0
      Temps:          0       0       0       0       0       0       0       0       0
      Totals:         9       0       0       0       0       0       0       0       0
Total ram usage:        9 bytes
 Hardware stack levels used:    1
 Hardware stack levels required when called:    2
 This function calls:
		___awdiv
		___awmod
		___flmul
 This function is called by:
		_sprintf
 This function uses a non-reentrant model


 *************** function ___awmod *****************
 Defined at:
		line 7 in file "C:\Program Files\Microchip\xc8\v2.30\pic\sources\c90\common\awmod.c"
 Parameters:    Size  Location     Type
  dividend        2    0[COMRAM] int 
  divisor         2    2[COMRAM] int 
 Auto vars:     Size  Location     Type
  sign            1    5[COMRAM] unsigned char 
  counter         1    4[COMRAM] unsigned char 
 Return value:  Size  Location     Type
                  2    0[COMRAM] int 
 Registers used:
		wreg, status,2, status,0
 Tracked objects:
		On entry : 
		On exit  : 
		Unchanged: 
 Data sizes:     COMRAM   BANK0   BANK1   BANK2   BANK3   BANK4   BANK5   BANK6   BANK7
      Params:         4       0       0       0       0       0       0       0       0
      Locals:         2       0       0       0       0       0       0       0       0
      Temps:          0       0       0       0       0       0       0       0       0
      Totals:         6       0       0       0       0       0       0       0       0
Total ram usage:        6 bytes
 Hardware stack levels used:    1
 Hardware stack levels required when called:    1
 This function calls:
		Nothing
 This function is called by:
		_scale
 This function uses a non-reentrant model


 *************** function ___awdiv *****************
 Defined at:
		line 7 in file "C:\Program Files\Microchip\xc8\v2.30\pic\sources\c90\common\awdiv.c"
 Parameters:    Size  Location     Type
  dividend        2    6[COMRAM] int 
  divisor         2    8[COMRAM] int 
 Auto vars:     Size  Location     Type
  quotient        2   12[COMRAM] int 
  sign            1   11[COMRAM] unsigned char 
  counter         1   10[COMRAM] unsigned char 
 Return value:  Size  Location     Type
                  2    6[COMRAM] int 
 Registers used:
		wreg, status,2, status,0
 Tracked objects:
		On entry : 
		On exit  : 
		Unchanged: 
 Data sizes:     COMRAM   BANK0   BANK1   BANK2   BANK3   BANK4   BANK5   BANK6   BANK7
      Params:         4       0       0       0       0       0       0       0       0
      Locals:         4       0       0       0       0       0       0       0       0
      Temps:          0       0       0       0       0       0       0       0       0
      Totals:         8       0       0       0       0       0       0       0       0
Total ram usage:        8 bytes
 Hardware stack levels used:    1
 Hardware stack levels required when called:    1
 This function calls:
		Nothing
 This function is called by:
		_scale
		_sprintf
 This function uses a non-reentrant model


 *************** function _isdigit *****************
 Defined at:
		line 8 in file "C:\Program Files\Microchip\xc8\v2.30\pic\sources\c90\common\isdigit.c"
 Parameters:    Size  Location     Type
  c               1    wreg     unsigned char 
 Auto vars:     Size  Location     Type
  c               1    2[COMRAM] unsigned char 
 Return value:  Size  Location     Type
		None               void
 Registers used:
		wreg, status,2, status,0
 Tracked objects:
		On entry : 
		On exit  : 
		Unchanged: 
 Data sizes:     COMRAM   BANK0   BANK1   BANK2   BANK3   BANK4   BANK5   BANK6   BANK7
      Params:         0       0       0       0       0       0       0       0       0
      Locals:         2       0       0       0       0       0       0       0       0
      Temps:          1       0       0       0       0       0       0       0       0
      Totals:         3       0       0       0       0       0       0       0       0
Total ram usage:        3 bytes
 Hardware stack levels used:    1
 Hardware stack levels required when called:    1
 This function calls:
		Nothing
 This function is called by:
		_sprintf
 This function uses a non-reentrant model


 *************** function _fround *****************
 Defined at:
		line 417 in file "C:\Program Files\Microchip\xc8\v2.30\pic\sources\c90\common\doprnt.c"
 Parameters:    Size  Location     Type
  prec            1    wreg     unsigned char 
 Auto vars:     Size  Location     Type
  prec            1   51[COMRAM] unsigned char 
 Return value:  Size  Location     Type
                  4   39[COMRAM] unsigned char 
 Registers used:
		wreg, status,2, status,0, tblptrl, tblptrh, tblptru, prodl, prodh, cstack
 Tracked objects:
		On entry : 
		On exit  : 
		Unchanged: 
 Data sizes:     COMRAM   BANK0   BANK1   BANK2   BANK3   BANK4   BANK5   BANK6   BANK7
      Params:         4       0       0       0       0       0       0       0       0
      Locals:         9       0       0       0       0       0       0       0       0
      Temps:          0       0       0       0       0       0       0       0       0
      Totals:        13       0       0       0       0       0       0       0       0
Total ram usage:       13 bytes
 Hardware stack levels used:    1
 Hardware stack levels required when called:    2
 This function calls:
		___flmul
		___lwdiv
		___lwmod
 This function is called by:
		_sprintf
 This function uses a non-reentrant model


 *************** function ___lwmod *****************
 Defined at:
		line 7 in file "C:\Program Files\Microchip\xc8\v2.30\pic\sources\c90\common\lwmod.c"
 Parameters:    Size  Location     Type
  dividend        2    0[COMRAM] unsigned int 
  divisor         2    2[COMRAM] unsigned int 
 Auto vars:     Size  Location     Type
  counter         1    4[COMRAM] unsigned char 
 Return value:  Size  Location     Type
                  2    0[COMRAM] unsigned int 
 Registers used:
		wreg, status,2, status,0
 Tracked objects:
		On entry : 
		On exit  : 
		Unchanged: 
 Data sizes:     COMRAM   BANK0   BANK1   BANK2   BANK3   BANK4   BANK5   BANK6   BANK7
      Params:         4       0       0       0       0       0       0       0       0
      Locals:         1       0       0       0       0       0       0       0       0
      Temps:          0       0       0       0       0       0       0       0       0
      Totals:         5       0       0       0       0       0       0       0       0
Total ram usage:        5 bytes
 Hardware stack levels used:    1
 Hardware stack levels required when called:    1
 This function calls:
		Nothing
 This function is called by:
		_fround
 This function uses a non-reentrant model


 *************** function ___lwdiv *****************
 Defined at:
		line 7 in file "C:\Program Files\Microchip\xc8\v2.30\pic\sources\c90\common\lwdiv.c"
 Parameters:    Size  Location     Type
  dividend        2    5[COMRAM] unsigned int 
  divisor         2    7[COMRAM] unsigned int 
 Auto vars:     Size  Location     Type
  quotient        2    9[COMRAM] unsigned int 
  counter         1   11[COMRAM] unsigned char 
 Return value:  Size  Location     Type
                  2    5[COMRAM] unsigned int 
 Registers used:
		wreg, status,2, status,0
 Tracked objects:
		On entry : 
		On exit  : 
		Unchanged: 
 Data sizes:     COMRAM   BANK0   BANK1   BANK2   BANK3   BANK4   BANK5   BANK6   BANK7
      Params:         4       0       0       0       0       0       0       0       0
      Locals:         3       0       0       0       0       0       0       0       0
      Temps:          0       0       0       0       0       0       0       0       0
      Totals:         7       0       0       0       0       0       0       0       0
Total ram usage:        7 bytes
 Hardware stack levels used:    1
 Hardware stack levels required when called:    1
 This function calls:
		Nothing
 This function is called by:
		_fround
 This function uses a non-reentrant model


 *************** function ___flmul *****************
 Defined at:
		line 8 in file "C:\Program Files\Microchip\xc8\v2.30\pic\sources\c90\common\sprcmul.c"
 Parameters:    Size  Location     Type
  b               4   14[COMRAM] unsigned int 
  a               4   18[COMRAM] unsigned int 
 Auto vars:     Size  Location     Type
  prod            4   33[COMRAM] struct .
  grs             4   27[COMRAM] unsigned long 
  temp            2   37[COMRAM] struct .
  bexp            1   32[COMRAM] unsigned char 
  aexp            1   31[COMRAM] unsigned char 
  sign            1   26[COMRAM] unsigned char 
 Return value:  Size  Location     Type
                  4   14[COMRAM] unsigned char 
 Registers used:
		wreg, status,2, status,0, prodl, prodh
 Tracked objects:
		On entry : 
		On exit  : 
		Unchanged: 
 Data sizes:     COMRAM   BANK0   BANK1   BANK2   BANK3   BANK4   BANK5   BANK6   BANK7
      Params:         8       0       0       0       0       0       0       0       0
      Locals:        13       0       0       0       0       0       0       0       0
      Temps:          4       0       0       0       0       0       0       0       0
      Totals:        25       0       0       0       0       0       0       0       0
Total ram usage:       25 bytes
 Hardware stack levels used:    1
 Hardware stack levels required when called:    1
 This function calls:
		Nothing
 This function is called by:
		_main
		_fround
		_scale
		_sprintf
 This function uses a non-reentrant model


 *************** function __tdiv_to_l_ *****************
 Defined at:
		line 60 in file "C:\Program Files\Microchip\xc8\v2.30\pic\sources\c90\common\ftdivl.c"
 Parameters:    Size  Location     Type
  f1              4    0[COMRAM] float 
  f2              4    4[COMRAM] float 
 Auto vars:     Size  Location     Type
  quot            4   11[COMRAM] unsigned long 
  exp1            1   16[COMRAM] unsigned char 
  cntr            1   15[COMRAM] unsigned char 
 Return value:  Size  Location     Type
                  4    0[COMRAM] unsigned long 
 Registers used:
		wreg, status,2, status,0
 Tracked objects:
		On entry : 
		On exit  : 
		Unchanged: 
 Data sizes:     COMRAM   BANK0   BANK1   BANK2   BANK3   BANK4   BANK5   BANK6   BANK7
      Params:         8       0       0       0       0       0       0       0       0
      Locals:         6       0       0       0       0       0       0       0       0
      Temps:          3       0       0       0       0       0       0       0       0
      Totals:        17       0       0       0       0       0       0       0       0
Total ram usage:       17 bytes
 Hardware stack levels used:    1
 Hardware stack levels required when called:    1
 This function calls:
		Nothing
 This function is called by:
		_sprintf
 This function uses a non-reentrant model


 *************** function __div_to_l_ *****************
 Defined at:
		line 60 in file "C:\Program Files\Microchip\xc8\v2.30\pic\sources\c90\common\fldivl.c"
 Parameters:    Size  Location     Type
  f1              4    0[COMRAM] unsigned long 
  f2              4    4[COMRAM] unsigned long 
 Auto vars:     Size  Location     Type
  quot            4    8[COMRAM] unsigned long 
  exp1            1   13[COMRAM] unsigned char 
  cntr            1   12[COMRAM] unsigned char 
 Return value:  Size  Location     Type
                  4    0[COMRAM] unsigned long 
 Registers used:
		wreg, status,2, status,0
 Tracked objects:
		On entry : 
		On exit  : 
		Unchanged: 
 Data sizes:     COMRAM   BANK0   BANK1   BANK2   BANK3   BANK4   BANK5   BANK6   BANK7
      Params:         8       0       0       0       0       0       0       0       0
      Locals:         6       0       0       0       0       0       0       0       0
      Temps:          0       0       0       0       0       0       0       0       0
      Totals:        14       0       0       0       0       0       0       0       0
Total ram usage:       14 bytes
 Hardware stack levels used:    1
 Hardware stack levels required when called:    1
 This function calls:
		Nothing
 This function is called by:
		_sprintf
 This function uses a non-reentrant model


 *************** function ___xxtofl *****************
 Defined at:
		line 10 in file "C:\Program Files\Microchip\xc8\v2.30\pic\sources\c90\common\xxtofl.c"
 Parameters:    Size  Location     Type
  sign            1    wreg     unsigned char 
  val             4    0[COMRAM] long 
 Auto vars:     Size  Location     Type
  sign            1    8[COMRAM] unsigned char 
  arg             4   10[COMRAM] unsigned long 
  exp             1    9[COMRAM] unsigned char 
 Return value:  Size  Location     Type
                  4    0[COMRAM] unsigned char 
 Registers used:
		wreg, status,2, status,0
 Tracked objects:
		On entry : 
		On exit  : 
		Unchanged: 
 Data sizes:     COMRAM   BANK0   BANK1   BANK2   BANK3   BANK4   BANK5   BANK6   BANK7
      Params:         4       0       0       0       0       0       0       0       0
      Locals:         6       0       0       0       0       0       0       0       0
      Temps:          4       0       0       0       0       0       0       0       0
      Totals:        14       0       0       0       0       0       0       0       0
Total ram usage:       14 bytes
 Hardware stack levels used:    1
 Hardware stack levels required when called:    1
 This function calls:
		Nothing
 This function is called by:
		_main
		_sprintf
 This function uses a non-reentrant model


 *************** function ___wmul *****************
 Defined at:
		line 15 in file "C:\Program Files\Microchip\xc8\v2.30\pic\sources\c90\common\Umul16.c"
 Parameters:    Size  Location     Type
  multiplier      2    0[COMRAM] unsigned int 
  multiplicand    2    2[COMRAM] unsigned int 
 Auto vars:     Size  Location     Type
  product         2    4[COMRAM] unsigned int 
 Return value:  Size  Location     Type
                  2    0[COMRAM] unsigned int 
 Registers used:
		wreg, status,2, status,0, prodl, prodh
 Tracked objects:
		On entry : 
		On exit  : 
		Unchanged: 
 Data sizes:     COMRAM   BANK0   BANK1   BANK2   BANK3   BANK4   BANK5   BANK6   BANK7
      Params:         4       0       0       0       0       0       0       0       0
      Locals:         2       0       0       0       0       0       0       0       0
      Temps:          0       0       0       0       0       0       0       0       0
      Totals:         6       0       0       0       0       0       0       0       0
Total ram usage:        6 bytes
 Hardware stack levels used:    1
 Hardware stack levels required when called:    1
 This function calls:
		Nothing
 This function is called by:
		_sprintf
 This function uses a non-reentrant model


 *************** function ___llmod *****************
 Defined at:
		line 7 in file "C:\Program Files\Microchip\xc8\v2.30\pic\sources\c90\common\llmod.c"
 Parameters:    Size  Location     Type
  dividend        4    0[COMRAM] unsigned long 
  divisor         4    4[COMRAM] unsigned long 
 Auto vars:     Size  Location     Type
  counter         1    8[COMRAM] unsigned char 
 Return value:  Size  Location     Type
                  4    0[COMRAM] unsigned long 
 Registers used:
		wreg, status,2, status,0
 Tracked objects:
		On entry : 
		On exit  : 
		Unchanged: 
 Data sizes:     COMRAM   BANK0   BANK1   BANK2   BANK3   BANK4   BANK5   BANK6   BANK7
      Params:         8       0       0       0       0       0       0       0       0
      Locals:         1       0       0       0       0       0       0       0       0
      Temps:          0       0       0       0       0       0       0       0       0
      Totals:         9       0       0       0       0       0       0       0       0
Total ram usage:        9 bytes
 Hardware stack levels used:    1
 Hardware stack levels required when called:    1
 This function calls:
		Nothing
 This function is called by:
		_sprintf
 This function uses a non-reentrant model


 *************** function ___lldiv *****************
 Defined at:
		line 7 in file "C:\Program Files\Microchip\xc8\v2.30\pic\sources\c90\common\__lldiv.c"
 Parameters:    Size  Location     Type
  dividend        4    0[COMRAM] unsigned long 
  divisor         4    4[COMRAM] unsigned long 
 Auto vars:     Size  Location     Type
  quotient        4    8[COMRAM] unsigned long 
  counter         1   12[COMRAM] unsigned char 
 Return value:  Size  Location     Type
                  4    0[COMRAM] unsigned long 
 Registers used:
		wreg, status,2, status,0
 Tracked objects:
		On entry : 
		On exit  : 
		Unchanged: 
 Data sizes:     COMRAM   BANK0   BANK1   BANK2   BANK3   BANK4   BANK5   BANK6   BANK7
      Params:         8       0       0       0       0       0       0       0       0
      Locals:         5       0       0       0       0       0       0       0       0
      Temps:          0       0       0       0       0       0       0       0       0
      Totals:        13       0       0       0       0       0       0       0       0
Total ram usage:       13 bytes
 Hardware stack levels used:    1
 Hardware stack levels required when called:    1
 This function calls:
		Nothing
 This function is called by:
		_sprintf
 This function uses a non-reentrant model


 *************** function ___fltol *****************
 Defined at:
		line 43 in file "C:\Program Files\Microchip\xc8\v2.30\pic\sources\c90\common\fltol.c"
 Parameters:    Size  Location     Type
  f1              4   48[COMRAM] unsigned long 
 Auto vars:     Size  Location     Type
  exp1            1   57[COMRAM] unsigned char 
  sign1           1   56[COMRAM] unsigned char 
 Return value:  Size  Location     Type
                  4   48[COMRAM] long 
 Registers used:
		wreg, status,2, status,0
 Tracked objects:
		On entry : 
		On exit  : 
		Unchanged: 
 Data sizes:     COMRAM   BANK0   BANK1   BANK2   BANK3   BANK4   BANK5   BANK6   BANK7
      Params:         4       0       0       0       0       0       0       0       0
      Locals:         2       0       0       0       0       0       0       0       0
      Temps:          4       0       0       0       0       0       0       0       0
      Totals:        10       0       0       0       0       0       0       0       0
Total ram usage:       10 bytes
 Hardware stack levels used:    1
 Hardware stack levels required when called:    1
 This function calls:
		Nothing
 This function is called by:
		_sprintf
 This function uses a non-reentrant model


 *************** function ___flsub *****************
 Defined at:
		line 245 in file "C:\Program Files\Microchip\xc8\v2.30\pic\sources\c90\common\sprcadd.c"
 Parameters:    Size  Location     Type
  b               4   68[COMRAM] long 
  a               4   72[COMRAM] long 
 Auto vars:     Size  Location     Type
		None
 Return value:  Size  Location     Type
                  4   68[COMRAM] long 
 Registers used:
		wreg, status,2, status,0, cstack
 Tracked objects:
		On entry : 
		On exit  : 
		Unchanged: 
 Data sizes:     COMRAM   BANK0   BANK1   BANK2   BANK3   BANK4   BANK5   BANK6   BANK7
      Params:         8       0       0       0       0       0       0       0       0
      Locals:         0       0       0       0       0       0       0       0       0
      Temps:          0       0       0       0       0       0       0       0       0
      Totals:         8       0       0       0       0       0       0       0       0
Total ram usage:        8 bytes
 Hardware stack levels used:    1
 Hardware stack levels required when called:    2
 This function calls:
		___fladd
 This function is called by:
		_sprintf
 This function uses a non-reentrant model


 *************** function ___fladd *****************
 Defined at:
		line 10 in file "C:\Program Files\Microchip\xc8\v2.30\pic\sources\c90\common\sprcadd.c"
 Parameters:    Size  Location     Type
  b               4   52[COMRAM] long 
  a               4   56[COMRAM] long 
 Auto vars:     Size  Location     Type
  grs             1   67[COMRAM] unsigned char 
  bexp            1   66[COMRAM] unsigned char 
  aexp            1   65[COMRAM] unsigned char 
  signs           1   64[COMRAM] unsigned char 
 Return value:  Size  Location     Type
                  4   52[COMRAM] unsigned char 
 Registers used:
		wreg, status,2, status,0
 Tracked objects:
		On entry : 
		On exit  : 
		Unchanged: 
 Data sizes:     COMRAM   BANK0   BANK1   BANK2   BANK3   BANK4   BANK5   BANK6   BANK7
      Params:         8       0       0       0       0       0       0       0       0
      Locals:         4       0       0       0       0       0       0       0       0
      Temps:          4       0       0       0       0       0       0       0       0
      Totals:        16       0       0       0       0       0       0       0       0
Total ram usage:       16 bytes
 Hardware stack levels used:    1
 Hardware stack levels required when called:    1
 This function calls:
		Nothing
 This function is called by:
		_sprintf
		___flsub
 This function uses a non-reentrant model


 *************** function ___flneg *****************
 Defined at:
		line 15 in file "C:\Program Files\Microchip\xc8\v2.30\pic\sources\c90\common\flneg.c"
 Parameters:    Size  Location     Type
  f1              4    0[COMRAM] unsigned char 
 Auto vars:     Size  Location     Type
		None
 Return value:  Size  Location     Type
                  4    0[COMRAM] unsigned char 
 Registers used:
		wreg, status,2, status,0
 Tracked objects:
		On entry : 
		On exit  : 
		Unchanged: 
 Data sizes:     COMRAM   BANK0   BANK1   BANK2   BANK3   BANK4   BANK5   BANK6   BANK7
      Params:         4       0       0       0       0       0       0       0       0
      Locals:         0       0       0       0       0       0       0       0       0
      Temps:          0       0       0       0       0       0       0       0       0
      Totals:         4       0       0       0       0       0       0       0       0
Total ram usage:        4 bytes
 Hardware stack levels used:    1
 Hardware stack levels required when called:    1
 This function calls:
		Nothing
 This function is called by:
		_sprintf
 This function uses a non-reentrant model


 *************** function ___flge *****************
 Defined at:
		line 4 in file "C:\Program Files\Microchip\xc8\v2.30\pic\sources\c90\common\flge.c"
 Parameters:    Size  Location     Type
  ff1             4    0[COMRAM] unsigned char 
  ff2             4    4[COMRAM] unsigned char 
 Auto vars:     Size  Location     Type
		None
 Return value:  Size  Location     Type
		None               void
 Registers used:
		wreg, status,2, status,0
 Tracked objects:
		On entry : 
		On exit  : 
		Unchanged: 
 Data sizes:     COMRAM   BANK0   BANK1   BANK2   BANK3   BANK4   BANK5   BANK6   BANK7
      Params:         8       0       0       0       0       0       0       0       0
      Locals:         0       0       0       0       0       0       0       0       0
      Temps:          4       0       0       0       0       0       0       0       0
      Totals:        12       0       0       0       0       0       0       0       0
Total ram usage:       12 bytes
 Hardware stack levels used:    1
 Hardware stack levels required when called:    1
 This function calls:
		Nothing
 This function is called by:
		_main
		_sprintf
 This function uses a non-reentrant model


 *************** function ___fleq *****************
 Defined at:
		line 4 in file "C:\Program Files\Microchip\xc8\v2.30\pic\sources\c90\common\fleq.c"
 Parameters:    Size  Location     Type
  ff1             4    0[COMRAM] unsigned char 
  ff2             4    4[COMRAM] unsigned char 
 Auto vars:     Size  Location     Type
		None
 Return value:  Size  Location     Type
		None               void
 Registers used:
		wreg, status,2, status,0
 Tracked objects:
		On entry : 
		On exit  : 
		Unchanged: 
 Data sizes:     COMRAM   BANK0   BANK1   BANK2   BANK3   BANK4   BANK5   BANK6   BANK7
      Params:         8       0       0       0       0       0       0       0       0
      Locals:         0       0       0       0       0       0       0       0       0
      Temps:          4       0       0       0       0       0       0       0       0
      Totals:        12       0       0       0       0       0       0       0       0
Total ram usage:       12 bytes
 Hardware stack levels used:    1
 Hardware stack levels required when called:    1
 This function calls:
		Nothing
 This function is called by:
		_sprintf
 This function uses a non-reentrant model


 *************** function _setup_Int *****************
 Defined at:
		line 18 in file "main.c"
 Parameters:    Size  Location     Type
		None
 Auto vars:     Size  Location     Type
		None
 Return value:  Size  Location     Type
                  1    wreg      void 
 Registers used:
		None
 Tracked objects:
		On entry : 
		On exit  : 
		Unchanged: 
 Data sizes:     COMRAM   BANK0   BANK1   BANK2   BANK3   BANK4   BANK5   BANK6   BANK7
      Params:         0       0       0       0       0       0       0       0       0
      Locals:         0       0       0       0       0       0       0       0       0
      Temps:          0       0       0       0       0       0       0       0       0
      Totals:         0       0       0       0       0       0       0       0       0
Total ram usage:        0 bytes
 Hardware stack levels used:    1
 Hardware stack levels required when called:    1
 This function calls:
		Nothing
 This function is called by:
		_main
 This function uses a non-reentrant model


 *************** function _setupTmr0 *****************
 Defined at:
		line 59 in file "main.c"
 Parameters:    Size  Location     Type
		None
 Auto vars:     Size  Location     Type
		None
 Return value:  Size  Location     Type
                  1    wreg      void 
 Registers used:
		wreg, status,2
 Tracked objects:
		On entry : 
		On exit  : 
		Unchanged: 
 Data sizes:     COMRAM   BANK0   BANK1   BANK2   BANK3   BANK4   BANK5   BANK6   BANK7
      Params:         0       0       0       0       0       0       0       0       0
      Locals:         0       0       0       0       0       0       0       0       0
      Temps:          0       0       0       0       0       0       0       0       0
      Totals:         0       0       0       0       0       0       0       0       0
Total ram usage:        0 bytes
 Hardware stack levels used:    1
 Hardware stack levels required when called:    1
 This function calls:
		Nothing
 This function is called by:
		_main
 This function uses a non-reentrant model


 *************** function _inicializa_Serial *****************
 Defined at:
		line 32 in file "main.c"
 Parameters:    Size  Location     Type
		None
 Auto vars:     Size  Location     Type
		None
 Return value:  Size  Location     Type
                  1    wreg      void 
 Registers used:
		wreg, status,2
 Tracked objects:
		On entry : 
		On exit  : 
		Unchanged: 
 Data sizes:     COMRAM   BANK0   BANK1   BANK2   BANK3   BANK4   BANK5   BANK6   BANK7
      Params:         0       0       0       0       0       0       0       0       0
      Locals:         0       0       0       0       0       0       0       0       0
      Temps:          0       0       0       0       0       0       0       0       0
      Totals:         0       0       0       0       0       0       0       0       0
Total ram usage:        0 bytes
 Hardware stack levels used:    1
 Hardware stack levels required when called:    1
 This function calls:
		Nothing
 This function is called by:
		_main
 This function uses a non-reentrant model


 *************** function _envia_texto_serial *****************
 Defined at:
		line 48 in file "main.c"
 Parameters:    Size  Location     Type
  frase           2    4[COMRAM] PTR const unsigned char 
		 -> linha2(32), STR_1(29), 
 Auto vars:     Size  Location     Type
  indice          1    9[COMRAM] unsigned char 
  tamanho         1    8[COMRAM] unsigned char 
 Return value:  Size  Location     Type
                  1    wreg      void 
 Registers used:
		wreg, fsr0l, fsr0h, status,2, status,0, tblptrl, tblptrh, tblptru, cstack
 Tracked objects:
		On entry : 
		On exit  : 
		Unchanged: 
 Data sizes:     COMRAM   BANK0   BANK1   BANK2   BANK3   BANK4   BANK5   BANK6   BANK7
      Params:         2       0       0       0       0       0       0       0       0
      Locals:         2       0       0       0       0       0       0       0       0
      Temps:          2       0       0       0       0       0       0       0       0
      Totals:         6       0       0       0       0       0       0       0       0
Total ram usage:        6 bytes
 Hardware stack levels used:    1
 Hardware stack levels required when called:    2
 This function calls:
		_envia_serial
		_strlen
 This function is called by:
		_main
 This function uses a non-reentrant model


 *************** function _strlen *****************
 Defined at:
		line 4 in file "C:\Program Files\Microchip\xc8\v2.30\pic\sources\c90\common\strlen.c"
 Parameters:    Size  Location     Type
  s               2    0[COMRAM] PTR const unsigned char 
		 -> linha2(32), STR_1(29), 
 Auto vars:     Size  Location     Type
  cp              2    2[COMRAM] PTR const unsigned char 
		 -> linha2(32), STR_1(29), 
 Return value:  Size  Location     Type
                  2    0[COMRAM] unsigned int 
 Registers used:
		wreg, fsr0l, fsr0h, status,2, status,0, tblptrl, tblptrh, tblptru
 Tracked objects:
		On entry : 
		On exit  : 
		Unchanged: 
 Data sizes:     COMRAM   BANK0   BANK1   BANK2   BANK3   BANK4   BANK5   BANK6   BANK7
      Params:         2       0       0       0       0       0       0       0       0
      Locals:         2       0       0       0       0       0       0       0       0
      Temps:          0       0       0       0       0       0       0       0       0
      Totals:         4       0       0       0       0       0       0       0       0
Total ram usage:        4 bytes
 Hardware stack levels used:    1
 Hardware stack levels required when called:    1
 This function calls:
		Nothing
 This function is called by:
		_envia_texto_serial
 This function uses a non-reentrant model


 *************** function _envia_serial *****************
 Defined at:
		line 39 in file "main.c"
 Parameters:    Size  Location     Type
  valor           1    wreg     unsigned char 
 Auto vars:     Size  Location     Type
  valor           1    1[COMRAM] unsigned char 
 Return value:  Size  Location     Type
                  1    wreg      void 
 Registers used:
		wreg, status,2, cstack
 Tracked objects:
		On entry : 
		On exit  : 
		Unchanged: 
 Data sizes:     COMRAM   BANK0   BANK1   BANK2   BANK3   BANK4   BANK5   BANK6   BANK7
      Params:         0       0       0       0       0       0       0       0       0
      Locals:         1       0       0       0       0       0       0       0       0
      Temps:          1       0       0       0       0       0       0       0       0
      Totals:         2       0       0       0       0       0       0       0       0
Total ram usage:        2 bytes
 Hardware stack levels used:    1
 Hardware stack levels required when called:    1
 This function calls:
		Nothing
 This function is called by:
		_envia_texto_serial
 This function uses a non-reentrant model


 *************** function _SuperDelay *****************
 Defined at:
		line 70 in file "main.c"
 Parameters:    Size  Location     Type
  counter         4   14[COMRAM] long 
 Auto vars:     Size  Location     Type
  i               4   19[COMRAM] long 
 Return value:  Size  Location     Type
                  1    wreg      void 
 Registers used:
		wreg, status,2, status,0, cstack
 Tracked objects:
		On entry : 
		On exit  : 
		Unchanged: 
 Data sizes:     COMRAM   BANK0   BANK1   BANK2   BANK3   BANK4   BANK5   BANK6   BANK7
      Params:         4       0       0       0       0       0       0       0       0
      Locals:         4       0       0       0       0       0       0       0       0
      Temps:          1       0       0       0       0       0       0       0       0
      Totals:         9       0       0       0       0       0       0       0       0
Total ram usage:        9 bytes
 Hardware stack levels used:    1
 Hardware stack levels required when called:    2
 This function calls:
		___aldiv
 This function is called by:
		_main
 This function uses a non-reentrant model


 *************** function ___aldiv *****************
 Defined at:
		line 7 in file "C:\Program Files\Microchip\xc8\v2.30\pic\sources\c90\common\aldiv.c"
 Parameters:    Size  Location     Type
  dividend        4    0[COMRAM] long 
  divisor         4    4[COMRAM] long 
 Auto vars:     Size  Location     Type
  quotient        4   10[COMRAM] long 
  sign            1    9[COMRAM] unsigned char 
  counter         1    8[COMRAM] unsigned char 
 Return value:  Size  Location     Type
                  4    0[COMRAM] long 
 Registers used:
		wreg, status,2, status,0
 Tracked objects:
		On entry : 
		On exit  : 
		Unchanged: 
 Data sizes:     COMRAM   BANK0   BANK1   BANK2   BANK3   BANK4   BANK5   BANK6   BANK7
      Params:         8       0       0       0       0       0       0       0       0
      Locals:         6       0       0       0       0       0       0       0       0
      Temps:          0       0       0       0       0       0       0       0       0
      Totals:        14       0       0       0       0       0       0       0       0
Total ram usage:       14 bytes
 Hardware stack levels used:    1
 Hardware stack levels required when called:    1
 This function calls:
		Nothing
 This function is called by:
		_SuperDelay
 This function uses a non-reentrant model


 *************** function _Serial *****************
 Defined at:
		line 25 in file "main.c"
 Parameters:    Size  Location     Type
		None
 Auto vars:     Size  Location     Type
		None
 Return value:  Size  Location     Type
                  1    wreg      void 
 Registers used:
		None
 Tracked objects:
		On entry : 
		On exit  : 
		Unchanged: 
 Data sizes:     COMRAM   BANK0   BANK1   BANK2   BANK3   BANK4   BANK5   BANK6   BANK7
      Params:         0       0       0       0       0       0       0       0       0
      Locals:         0       0       0       0       0       0       0       0       0
      Temps:          0       0       0       0       0       0       0       0       0
      Totals:         0       0       0       0       0       0       0       0       0
Total ram usage:        0 bytes
 Hardware stack levels used:    1
 This function calls:
		Nothing
 This function is called by:
		Interrupt level 2
 This function uses a non-reentrant model



MODULE INFORMATION

Module		Function		Class		Link	Load	Size
C:\Program Files\Microchip\xc8\v2.30\pic\sources\c90\common\lwmod.c
		___lwmod       		CODE           	31B6	0000	100

C:\Program Files\Microchip\xc8\v2.30\pic\sources\c90\common\lwmod.c estimated size: 100

C:\Program Files\Microchip\xc8\v2.30\pic\sources\c90\common\sprcmul.c
		___flmul       		CODE           	18AE	0000	1066

C:\Program Files\Microchip\xc8\v2.30\pic\sources\c90\common\sprcmul.c estimated size: 1066

C:\Program Files\Microchip\xc8\v2.30\pic\sources\c90\common\strlen.c
		_strlen        		CODE           	3278	0000	78

C:\Program Files\Microchip\xc8\v2.30\pic\sources\c90\common\strlen.c estimated size: 78

C:\Program Files\Microchip\xc8\v2.30\pic\sources\c90\common\__lldiv.c
		___lldiv       		CODE           	2F8A	0000	164

C:\Program Files\Microchip\xc8\v2.30\pic\sources\c90\common\__lldiv.c estimated size: 164

C:\Program Files\Microchip\xc8\v2.30\pic\sources\c90\common\awmod.c
		___awmod       		CODE           	2E30	0000	176

C:\Program Files\Microchip\xc8\v2.30\pic\sources\c90\common\awmod.c estimated size: 176

C:\Program Files\Microchip\xc8\v2.30\pic\sources\c90\common\xxtofl.c
		___xxtofl      		CODE           	2600	0000	436

C:\Program Files\Microchip\xc8\v2.30\pic\sources\c90\common\xxtofl.c estimated size: 436

C:\Program Files\Microchip\xc8\v2.30\pic\sources\c90\common\llmod.c
		___llmod       		CODE           	30BA	0000	136

C:\Program Files\Microchip\xc8\v2.30\pic\sources\c90\common\llmod.c estimated size: 136

C:\Program Files\Microchip\xc8\v2.30\pic\sources\c90\common\lwdiv.c
		___lwdiv       		CODE           	3142	0000	116

C:\Program Files\Microchip\xc8\v2.30\pic\sources\c90\common\lwdiv.c estimated size: 116

C:\Program Files\Microchip\xc8\v2.30\pic\sources\c90\common\fleq.c
		___fleq        		CODE           	2EE0	0000	170

C:\Program Files\Microchip\xc8\v2.30\pic\sources\c90\common\fleq.c estimated size: 170

C:\Program Files\Microchip\xc8\v2.30\pic\sources\c90\common\fltol.c
		___fltol       		CODE           	2B62	0000	262

C:\Program Files\Microchip\xc8\v2.30\pic\sources\c90\common\fltol.c estimated size: 262

C:\Program Files\Microchip\xc8\v2.30\pic\sources\c90\common\isdigit.c
		_isdigit       		CODE           	3344	0000	50

C:\Program Files\Microchip\xc8\v2.30\pic\sources\c90\common\isdigit.c estimated size: 50

C:\Program Files\Microchip\xc8\v2.30\pic\sources\c90\common\sprcadd.c
		___flsub       		CODE           	32C6	0000	70
		___fladd       		CODE           	13EE	0000	1216

C:\Program Files\Microchip\xc8\v2.30\pic\sources\c90\common\sprcadd.c estimated size: 1286

C:\Program Files\Microchip\xc8\v2.30\pic\sources\c90\common\doprnt.c
		_scale         		CODE           	1CD8	0000	1036
		_sprintf       		CODE           	08C6	0000	2856
		_fround        		CODE           	20E4	0000	674

C:\Program Files\Microchip\xc8\v2.30\pic\sources\c90\common\doprnt.c estimated size: 4566

C:\Program Files\Microchip\xc8\v2.30\pic\sources\c90\common\ftdivl.c
		__tdiv_to_l_   		CODE           	27B4	0000	342

C:\Program Files\Microchip\xc8\v2.30\pic\sources\c90\common\ftdivl.c estimated size: 342

C:\Program Files\Microchip\xc8\v2.30\pic\sources\c90\common\awdiv.c
		___awdiv       		CODE           	2D6C	0000	196

C:\Program Files\Microchip\xc8\v2.30\pic\sources\c90\common\awdiv.c estimated size: 196

shared
		__powers_      		SMALLCONST     	0801	0000	52
		_dpowers       		SMALLCONST     	0869	0000	40
		__npowers_     		SMALLCONST     	0835	0000	52
		__initialization		CODE           	33C4	0000	22

shared estimated size: 166

C:\Program Files\Microchip\xc8\v2.30\pic\sources\c90\common\Umul16.c
		___wmul        		CODE           	339E	0000	38

C:\Program Files\Microchip\xc8\v2.30\pic\sources\c90\common\Umul16.c estimated size: 38

C:\Program Files\Microchip\xc8\v2.30\pic\sources\c90\common\aldiv.c
		___aldiv       		CODE           	2A56	0000	268

C:\Program Files\Microchip\xc8\v2.30\pic\sources\c90\common\aldiv.c estimated size: 268

C:\Program Files\Microchip\xc8\v2.30\pic\sources\c90\common\flneg.c
		___flneg       		CODE           	330C	0000	56

C:\Program Files\Microchip\xc8\v2.30\pic\sources\c90\common\flneg.c estimated size: 56

C:\Program Files\Microchip\xc8\v2.30\pic\sources\c90\common\flge.c
		___flge        		CODE           	2C68	0000	260

C:\Program Files\Microchip\xc8\v2.30\pic\sources\c90\common\flge.c estimated size: 260

main.c
		_envia_serial  		CODE           	3376	0000	40
		_main          		CODE           	2386	0000	634
		_envia_texto_serial		CODE           	321A	0000	94
		_SuperDelay    		CODE           	302E	0000	140
		_inicializa_Serial		CODE           	33FE	0000	14
		_setupTmr0     		CODE           	33E8	0000	22
		_setup_Int     		CODE           	341A	0000	10
		_Serial        		CODE           	0008	0000	20

main.c estimated size: 974

C:\Program Files\Microchip\xc8\v2.30\pic\sources\c90\common\fldivl.c
		__div_to_l_    		CODE           	290A	0000	332

C:\Program Files\Microchip\xc8\v2.30\pic\sources\c90\common\fldivl.c estimated size: 332

